<div
  class="header-first-row header-second-row header-first-column header-second-column show-caption"
>
  <div
    class="table-top"
  />
  <table
    class="body-02"
  >
    <caption
      class="caption"
      id="__randomUUID__"
    >
      Test Caption
    </caption>
    <colgroup
      span="2"
    />
    <colgroup
      span="2"
    />
    <colgroup
      span="2"
    />
    <thead>
      <tr>
        <td
          class="first-column-cell corner-top-left header-column-cell header-column-cell-last"
          colspan="2"
          rowspan="2"
        >
          <p />
        </td>
        <th
          colspan="2"
          scope="colgroup"
        >
          <p>
            Colgroup 1
          </p>
        </th>
        <th
          class="corner-top-right"
          colspan="2"
          scope="colgroup"
        >
          <p>
            Colgroup 2
          </p>
        </th>
      </tr>
      <tr>
        <th
          scope="col"
        >
          <p>
            Col 1
          </p>
        </th>
        <th
          scope="col"
        >
          <p>
            Col 2
          </p>
        </th>
        <th
          scope="col"
        >
          <p>
            Col 3
          </p>
        </th>
        <th
          scope="col"
        >
          <p>
            Col 4
          </p>
        </th>
      </tr>
    </thead>
    <tbody>
      <tr>
        <th
          class="first-column-cell header-column-cell"
          rowspan="2"
          scope="rowgroup"
        >
          <p>
            Rowgroup 1
          </p>
        </th>
        <th
          class="header-column-cell header-column-cell-last"
          scope="row"
        >
          <p>
            Row 1
          </p>
        </th>
        <td>
          <p>
            Data 1
          </p>
        </td>
        <td>
          <p>
            Data 2
          </p>
        </td>
        <td>
          <p>
            Data 3
          </p>
        </td>
        <td>
          <p>
            Data 4
          </p>
        </td>
      </tr>
      <tr>
        <th
          class="header-column-cell header-column-cell-last"
          scope="row"
        >
          <p>
            Row 2
          </p>
        </th>
        <td>
          <p>
            Data 5
          </p>
        </td>
        <td>
          <p>
            Data 6
          </p>
        </td>
        <td>
          <p>
            Data 7
          </p>
        </td>
        <td>
          <p>
            Data 8
          </p>
        </td>
      </tr>
    </tbody>
    <tbody>
      <tr>
        <th
          class="corner-bottom-left first-column-cell header-column-cell"
          rowspan="2"
          scope="rowgroup"
        >
          <p>
            Rowgroup 2
          </p>
        </th>
        <th
          class="header-column-cell header-column-cell-last"
          scope="row"
        >
          <p>
            Row 3
          </p>
        </th>
        <td>
          <p>
            Data 9
          </p>
        </td>
        <td>
          <p>
            Data 10
          </p>
        </td>
        <td>
          <p>
            Data 11
          </p>
        </td>
        <td>
          <p>
            Data 12
          </p>
        </td>
      </tr>
      <tr>
        <th
          class="header-column-cell header-column-cell-last"
          scope="row"
        >
          <p>
            Row 4
          </p>
        </th>
        <td>
          <p>
            Data 13
          </p>
        </td>
        <td>
          <p>
            Data 14
          </p>
        </td>
        <td>
          <p>
            Data 15
          </p>
        </td>
        <td
          class="corner-bottom-right"
        >
          <p>
            Data 16
          </p>
        </td>
      </tr>
    </tbody>
  </table>
</div>